<html><body><script type="text/javascript" src="/aes.js" ></script><script>function toNumbers(d){var e=[];d.replace(/(..)/g,function(d){e.push(parseInt(d,16))});return e}function toHex(){for(var d=[],d=1==arguments.length&&arguments[0].constructor==Array?arguments[0]:arguments,e="",f=0;f<d.length;f++)e+=(16>d[f]?"0":"")+d[f].toString(16);return e.toLowerCase()}var a=toNumbers("f655ba9d09a112d4968c63579db590b4"),b=toNumbers("98344c2eee86c3994890592585b49f80"),c=toNumbers("be19682bf7f1dfccba46cb4e031bd0d7");document.cookie="__test="+toHex(slowAES.decrypt(c,2,a,b))+"; max-age=21600; expires=Thu, 31-Dec-37 23:55:55 GMT; path=/"; location.href="https://eventra-api.infinityfree.me/BACKEND/buat_event.php?aksi=tambah_event&i=1";</script><noscript>This site requires Javascript to work, please enable Javascript in your browser or use a browser with Javascript support</noscript></body></html>